// Jest Snapshot v1, https://goo.gl/fbAQLP

exports[`App Should render 1`] = `<section />`;

exports[`App Should set cones 1`] = `<section />`;
